<!doctype html public "-//w3c//dtd html 4.0 transitional//en">
<html><head>
<title>Static Call Graph - [.\Objects\ArmCortexM4_SVC_Handler.axf]</title></head>
<body><HR>
<H1>Static Call Graph for image .\Objects\ArmCortexM4_SVC_Handler.axf</H1><HR>
<BR><P>#&#060CALLGRAPH&#062# ARM Linker, 5060750: Last Updated: Mon Oct 02 12:12:13 2023
<BR><P>
<H3>Maximum Stack Usage =          0 bytes + Unknown(Functions without stacksize, Untraceable Function Pointers)</H3><H3>
Call chain for Maximum Stack Depth:</H3>

<P>
<H3>
Functions with no stack information
</H3><UL>
 <LI><a href="#[0]">SVC_handler</a>
</UL>
</UL>
<P>
<H3>
Function Pointers
</H3><UL>
 <LI><a href="#[0]">SVC_handler</a> from cortexm4_svc.o(RESET) referenced from cortexm4_svc.o(RESET)
</UL>
<P>
<H3>
Global Symbols
</H3><P>
<H3>
Local Symbols
</H3>
<P><STRONG><a name="[0]"></a>SVC_handler</STRONG> (Thumb, 2 bytes, Stack size unknown bytes, cortexm4_svc.o(RESET))
<BR>[Address Reference Count : 1]<UL><LI> cortexm4_svc.o(RESET)
</UL><P>
<H3>
Undefined Global Symbols
</H3><HR></body></html>
