Component: ARM Compiler 5.06 update 6 (build 750) Tool: armlink [4d35ed]

==============================================================================

Section Cross References

    cortexm4_svc.o(RESET) refers to cortexm4_svc.o(RES) for DST


==============================================================================

Image Symbol Table

    Local Symbols

    Symbol Name                              Value     Ov Type        Size  Object(Section)

    CortexM4_SVC.s                           0x00000000   Number         0  cortexm4_svc.o ABSOLUTE
    RES                                      0x20000000   Section        8  cortexm4_svc.o(RES)
    DST                                      0x20000000   Data           8  cortexm4_svc.o(RES)
    RESET                                    0x80000000   Section      168  cortexm4_svc.o(RESET)
    $v0                                      0x8000005c   Number         0  cortexm4_svc.o(RESET)
    SVC_handler                              0x8000007b   Thumb Code     2  cortexm4_svc.o(RESET)
    SRC                                      0x80000094   Data           8  cortexm4_svc.o(RESET)

    Global Symbols

    Symbol Name                              Value     Ov Type        Size  Object(Section)

    BuildAttributes$$THM_ISAv4$E$P$D$K$B$S$7EM$VFPi3$EXTD16$VFPS$VFMA$PE$A:L22UL41UL21$X:L11$S22US41US21$IEEE1$IW$USESV6$~STKCKD$USESV7$~SHL$OSPACE$EBA8$STANDARDLIB$EABIv2 0x00000000   Number         0  anon$$obj.o ABSOLUTE



==============================================================================

Memory Map of the image

  Image Entry point : 0x8000005d

  Load Region LR_IROM1 (Base: 0x80000000, Size: 0x000000b0, Max: 0x00100000, ABSOLUTE)

    Execution Region RW_IRAM1 (Exec base: 0x20000000, Load base: 0x800000a8, Size: 0x00000008, Max: 0x00020000, ABSOLUTE)

    Exec Addr    Load Addr    Size         Type   Attr      Idx    E Section Name        Object

    0x20000000   0x800000a8   0x00000008   Data   RW            2    RES                 cortexm4_svc.o


    Execution Region ER_IROM1 (Exec base: 0x80000000, Load base: 0x80000000, Size: 0x000000a8, Max: 0x00100000, ABSOLUTE)

    Exec Addr    Load Addr    Size         Type   Attr      Idx    E Section Name        Object

    0x80000000   0x80000000   0x000000a8   Code   RO            1  * RESET               cortexm4_svc.o


==============================================================================

Image component sizes


      Code (inc. data)   RO Data    RW Data    ZI Data      Debug   Object Name

       168        114          0          8          0        248   cortexm4_svc.o

    ----------------------------------------------------------------------
       168        114          0          8          0        248   Object Totals
         0          0          0          0          0          0   (incl. Generated)
         0          0          0          0          0          0   (incl. Padding)

    ----------------------------------------------------------------------
         0          0          0          0          0          0   Library Totals
         0          0          0          0          0          0   (incl. Padding)

    ----------------------------------------------------------------------

==============================================================================


      Code (inc. data)   RO Data    RW Data    ZI Data      Debug   

       168        114          0          8          0        248   Grand Totals
       168        114          0          8          0        248   ELF Image Totals
       168        114          0          8          0          0   ROM Totals

==============================================================================

    Total RO  Size (Code + RO Data)                  168 (   0.16kB)
    Total RW  Size (RW Data + ZI Data)                 8 (   0.01kB)
    Total ROM Size (Code + RO Data + RW Data)        176 (   0.17kB)

==============================================================================

